// Jest Snapshot v1, https://goo.gl/fbAQLP

exports[`should render GoogleFB component correctly 1`] = `
<div
  className="flex-c-m"
>
  <button
    className="social__item facebook-icon"
  >
    <i
      className="zmdi zmdi-facebook"
    />
  </button>
  <button
    className="social__item google-icon"
    onClick={[Function]}
  >
    <i
      className="zmdi zmdi-google"
    />
  </button>
</div>
`;
