// Jest Snapshot v1, https://goo.gl/fbAQLP

exports[`should not render UpdatePage because there is no movie found 1`] = `
<VerifiedComp
  emailVerified={true}
>
  <h1
    className="u-text-colorized"
  >
    No Movie found on this page. Please go back and update some other Movie
    <button
      className="btn u-btn-colorized"
      onClick={[Function]}
    >
      Go Home
    </button>
  </h1>
</VerifiedComp>
`;

exports[`should render UpdatePage correctly 1`] = `
<VerifiedComp
  emailVerified={true}
>
  <MovieForm
    actionType="update"
    handleFormSubmit={[Function]}
    handleMovieDeletion={[Function]}
    movie={
      Object {
        "Poster": "https://image.com",
        "createdAt": "9876543",
        "dateWatched": "234567890",
        "id": "1234567",
        "name": "The Dark Knight",
        "updatedAt": "",
        "watched": true,
        "whatYouLearnt": "The world is as good as we let it to be",
      }
    }
  />
</VerifiedComp>
`;
